[2026-02-04 13:13:39] [info] Start Program:
Path:"C:\\Users\\Andres\\source\\repos\\VulkanEngine\\build\\windows\\x64\\debug\\Tests.exe"
Arguments:
Working directory: not set.
Modules: Selected: * Excluded: 
Sources: Selected: C:\Users\Andres\source\repos\VulkanEngine\src\Engine C:\Users\Andres\source\repos\VulkanEngine\src\EngineSceneIO C:\Users\Andres\source\repos\VulkanEngine\src\ModelLib Excluded: *\tests\* *\third_party\* *\build\* *\.xmake\* 
Log Level: Normal
Cover Children: 0
Aggregate by file: 1
Continue after C++ exception: 0
Optimized build support: 0
Export: cobertura C:\Users\Andres\source\repos\VulkanEngine\coverage\coverage.xml html C:\Users\Andres\source\repos\VulkanEngine\coverage\html 
Input coverage: 
Unified diff: 
Excluded line regular expressions: 
Substitute pdb source paths: 
[2026-02-04 13:13:39] [info] Module: C:\Users\Andres\source\repos\VulkanEngine\build\windows\x64\debug\Tests.exe is selected because it matches selected pattern: *
[2026-02-04 13:13:40] [info] Module: C:\Windows\System32\ntdll.dll is selected because it matches selected pattern: *
[2026-02-04 13:13:40] [info] Module: C:\Windows\System32\kernel32.dll is selected because it matches selected pattern: *
[2026-02-04 13:13:40] [info] Module: C:\Windows\System32\KernelBase.dll is selected because it matches selected pattern: *
[2026-02-04 13:13:40] [info] Module: C:\Windows\System32\user32.dll is selected because it matches selected pattern: *
[2026-02-04 13:13:40] [info] Module: C:\Windows\System32\win32u.dll is selected because it matches selected pattern: *
[2026-02-04 13:13:40] [info] Module: C:\Windows\System32\vulkan-1.dll is selected because it matches selected pattern: *
[2026-02-04 13:13:40] [info] Module: C:\Windows\System32\gdi32.dll is selected because it matches selected pattern: *
[2026-02-04 13:13:40] [info] Module: C:\Windows\System32\gdi32full.dll is selected because it matches selected pattern: *
[2026-02-04 13:13:40] [info] Module: C:\Windows\System32\msvcp_win.dll is selected because it matches selected pattern: *
[2026-02-04 13:13:40] [info] Module: C:\Windows\System32\advapi32.dll is selected because it matches selected pattern: *
[2026-02-04 13:13:40] [info] Module: C:\Windows\System32\cfgmgr32.dll is selected because it matches selected pattern: *
[2026-02-04 13:13:40] [info] Module: C:\Windows\System32\msvcrt.dll is selected because it matches selected pattern: *
[2026-02-04 13:13:40] [info] Module: C:\Windows\System32\ucrtbase.dll is selected because it matches selected pattern: *
[2026-02-04 13:13:40] [info] Module: C:\Windows\System32\sechost.dll is selected because it matches selected pattern: *
[2026-02-04 13:13:40] [info] Module: C:\Windows\System32\shell32.dll is selected because it matches selected pattern: *
[2026-02-04 13:13:40] [info] Module: C:\Windows\System32\rpcrt4.dll is selected because it matches selected pattern: *
[2026-02-04 13:13:40] [info] Module: C:\Windows\System32\WinTypes.dll is selected because it matches selected pattern: *
[2026-02-04 13:13:40] [info] Module: C:\Windows\System32\combase.dll is selected because it matches selected pattern: *
[2026-02-04 13:13:40] [info] Module: C:\Windows\System32\vcruntime140d.dll is selected because it matches selected pattern: *
[2026-02-04 13:13:40] [info] Module: C:\Windows\System32\vcruntime140_1d.dll is selected because it matches selected pattern: *
[2026-02-04 13:13:40] [info] Module: C:\Windows\System32\msvcp140d.dll is selected because it matches selected pattern: *
[2026-02-04 13:13:40] [info] Module: C:\Windows\System32\ucrtbased.dll is selected because it matches selected pattern: *
[2026-02-04 13:13:40] [info] Module: C:\Windows\System32\imm32.dll is selected because it matches selected pattern: *
[2026-02-04 13:13:40] [info] Module: C:\Windows\System32\dinput8.dll is selected because it matches selected pattern: *
[2026-02-04 13:13:40] [info] Module: C:\Windows\System32\XInput1_4.dll is selected because it matches selected pattern: *
[2026-02-04 13:13:40] [info] Module: C:\Windows\System32\devobj.dll is selected because it matches selected pattern: *
[2026-02-04 13:13:40] [info] Module: C:\Windows\System32\dwmapi.dll is selected because it matches selected pattern: *
[2026-02-04 13:13:40] [info] Module: C:\Windows\System32\InputHost.dll is selected because it matches selected pattern: *
[2026-02-04 13:13:40] [info] Module: C:\Windows\System32\CoreMessaging.dll is selected because it matches selected pattern: *
[2026-02-04 13:13:40] [info] Module: C:\Windows\System32\SHCore.dll is selected because it matches selected pattern: *
[2026-02-04 13:13:40] [info] Module: C:\Windows\System32\uxtheme.dll is selected because it matches selected pattern: *
[2026-02-04 13:13:40] [info] Module: C:\Windows\System32\bcryptprimitives.dll is selected because it matches selected pattern: *
[2026-02-04 13:13:40] [info] Module: C:\Windows\System32\msctf.dll is selected because it matches selected pattern: *
[2026-02-04 13:13:40] [info] Module: C:\Windows\System32\cryptbase.dll is selected because it matches selected pattern: *
[2026-02-04 13:13:40] [info] Module: C:\Windows\System32\windows.storage.dll is selected because it matches selected pattern: *
[2026-02-04 13:13:40] [info] Module: C:\Windows\System32\kernel.appcore.dll is selected because it matches selected pattern: *
[2026-02-04 13:13:40] [info] Module: C:\Windows\System32\oleaut32.dll is selected because it matches selected pattern: *
[2026-02-04 13:13:40] [info] Module: C:\Windows\System32\TextInputFramework.dll is selected because it matches selected pattern: *
[2026-02-04 13:13:40] [info] Module: C:\Windows\System32\CoreUIComponents.dll is selected because it matches selected pattern: *
[2026-02-04 13:13:40] [info] Module: C:\Windows\System32\dxgi.dll is selected because it matches selected pattern: *
[2026-02-04 13:13:40] [info] Module: C:\Windows\System32\powrprof.dll is selected because it matches selected pattern: *
[2026-02-04 13:13:40] [info] Module: C:\Windows\System32\umpdc.dll is selected because it matches selected pattern: *
[2026-02-04 13:13:40] [info] Module: C:\Windows\System32\Windows.StateRepositoryCore.dll is selected because it matches selected pattern: *
[2026-02-04 13:13:40] [info] Module: C:\Windows\System32\DXCore.dll is selected because it matches selected pattern: *
[2026-02-04 13:13:40] [info] Module: C:\Windows\System32\ResourcePolicyClient.dll is selected because it matches selected pattern: *
[2026-02-04 13:13:40] [info] Module: C:\Windows\System32\directxdatabasehelper.dll is selected because it matches selected pattern: *
[2026-02-04 13:13:40] [info] Module: C:\Windows\System32\DriverStore\FileRepository\u0417193.inf_amd64_09be3aa5c32d5fed\B416402\amdvlk64.dll is selected because it matches selected pattern: *
[2026-02-04 13:13:40] [info] Module: C:\Windows\System32\setupapi.dll is selected because it matches selected pattern: *
[2026-02-04 13:13:40] [info] Module: C:\Windows\System32\winmm.dll is selected because it matches selected pattern: *
[2026-02-04 13:13:40] [info] Module: C:\VulkanSDK\1.4.335.0\Bin\VkLayer_khronos_validation.dll is selected because it matches selected pattern: *
[2026-02-04 13:13:40] [info] Module: C:\Windows\System32\vcruntime140_1.dll is selected because it matches selected pattern: *
[2026-02-04 13:13:40] [info] Module: C:\Windows\System32\msvcp140.dll is selected because it matches selected pattern: *
[2026-02-04 13:13:40] [info] Module: C:\Windows\System32\vcruntime140.dll is selected because it matches selected pattern: *
[2026-02-04 13:13:40] [info] Module: C:\Windows\System32\shlwapi.dll is selected because it matches selected pattern: *
[2026-02-04 13:13:40] [info] Module: C:\Windows\System32\ole32.dll is selected because it matches selected pattern: *
[2026-02-04 13:13:40] [info] Module: C:\Windows\System32\wintrust.dll is selected because it matches selected pattern: *
[2026-02-04 13:13:40] [info] Module: C:\Windows\System32\crypt32.dll is selected because it matches selected pattern: *
[2026-02-04 13:13:40] [info] Module: C:\Windows\System32\msasn1.dll is selected because it matches selected pattern: *
[2026-02-04 13:13:40] [info] Module: C:\Windows\System32\bcrypt.dll is selected because it matches selected pattern: *
[2026-02-04 13:13:40] [info] Module: C:\Windows\System32\DriverStore\FileRepository\u0417193.inf_amd64_09be3aa5c32d5fed\B416402\amdenc64.dll is selected because it matches selected pattern: *
[2026-02-04 13:13:40] [info] Module: C:\Windows\System32\DriverStore\FileRepository\u0417193.inf_amd64_09be3aa5c32d5fed\B416402\amdihk64.dll is selected because it matches selected pattern: *
[2026-02-04 13:13:41] [info] Module: C:\Windows\System32\dwmapi.dll is selected because it matches selected pattern: *
[2026-02-04 13:13:41] [info] Module: C:\Windows\System32\DriverStore\FileRepository\u0417193.inf_amd64_09be3aa5c32d5fed\B416402\amdvlk64.dll is selected because it matches selected pattern: *
[2026-02-04 13:13:41] [info] Module: C:\Windows\System32\setupapi.dll is selected because it matches selected pattern: *
[2026-02-04 13:13:41] [info] Module: C:\Windows\System32\winmm.dll is selected because it matches selected pattern: *
[2026-02-04 13:13:41] [info] Module: C:\VulkanSDK\1.4.335.0\Bin\VkLayer_khronos_validation.dll is selected because it matches selected pattern: *
[2026-02-04 13:13:42] [info] Module: C:\Windows\System32\vcruntime140_1.dll is selected because it matches selected pattern: *
[2026-02-04 13:13:42] [info] Module: C:\Windows\System32\msvcp140.dll is selected because it matches selected pattern: *
[2026-02-04 13:13:42] [info] Module: C:\Windows\System32\vcruntime140.dll is selected because it matches selected pattern: *
[2026-02-04 13:13:42] [info] Module: C:\Windows\System32\DriverStore\FileRepository\u0417193.inf_amd64_09be3aa5c32d5fed\B416402\amdenc64.dll is selected because it matches selected pattern: *
[2026-02-04 13:13:42] [info] Module: C:\Windows\System32\DriverStore\FileRepository\u0417193.inf_amd64_09be3aa5c32d5fed\B416402\amdihk64.dll is selected because it matches selected pattern: *
[2026-02-04 13:13:42] [info] Module: C:\Windows\System32\dwmapi.dll is selected because it matches selected pattern: *
[2026-02-04 13:13:42] [info] Module: C:\Windows\System32\DriverStore\FileRepository\u0417193.inf_amd64_09be3aa5c32d5fed\B416402\amdvlk64.dll is selected because it matches selected pattern: *
[2026-02-04 13:13:42] [info] Module: C:\Windows\System32\setupapi.dll is selected because it matches selected pattern: *
[2026-02-04 13:13:42] [info] Module: C:\Windows\System32\winmm.dll is selected because it matches selected pattern: *
[2026-02-04 13:13:42] [info] Module: C:\VulkanSDK\1.4.335.0\Bin\VkLayer_khronos_validation.dll is selected because it matches selected pattern: *
[2026-02-04 13:13:42] [info] Module: C:\Windows\System32\msvcp140.dll is selected because it matches selected pattern: *
[2026-02-04 13:13:42] [info] Module: C:\Windows\System32\vcruntime140_1.dll is selected because it matches selected pattern: *
[2026-02-04 13:13:42] [info] Module: C:\Windows\System32\vcruntime140.dll is selected because it matches selected pattern: *
[2026-02-04 13:13:42] [info] Module: C:\Windows\System32\DriverStore\FileRepository\u0417193.inf_amd64_09be3aa5c32d5fed\B416402\amdenc64.dll is selected because it matches selected pattern: *
[2026-02-04 13:13:42] [info] Module: C:\Windows\System32\DriverStore\FileRepository\u0417193.inf_amd64_09be3aa5c32d5fed\B416402\amdihk64.dll is selected because it matches selected pattern: *
[2026-02-04 13:13:42] [info] Module: C:\Windows\System32\dwmapi.dll is selected because it matches selected pattern: *
[2026-02-04 13:13:42] [info] Module: C:\Windows\System32\DriverStore\FileRepository\u0417193.inf_amd64_09be3aa5c32d5fed\B416402\amdvlk64.dll is selected because it matches selected pattern: *
[2026-02-04 13:13:42] [info] Module: C:\Windows\System32\setupapi.dll is selected because it matches selected pattern: *
[2026-02-04 13:13:42] [info] Module: C:\Windows\System32\winmm.dll is selected because it matches selected pattern: *
[2026-02-04 13:13:42] [info] Module: C:\VulkanSDK\1.4.335.0\Bin\VkLayer_khronos_validation.dll is selected because it matches selected pattern: *
[2026-02-04 13:13:42] [info] Module: C:\Windows\System32\vcruntime140_1.dll is selected because it matches selected pattern: *
[2026-02-04 13:13:42] [info] Module: C:\Windows\System32\msvcp140.dll is selected because it matches selected pattern: *
[2026-02-04 13:13:42] [info] Module: C:\Windows\System32\vcruntime140.dll is selected because it matches selected pattern: *
[2026-02-04 13:13:42] [info] Module: C:\Windows\System32\DriverStore\FileRepository\u0417193.inf_amd64_09be3aa5c32d5fed\B416402\amdenc64.dll is selected because it matches selected pattern: *
[2026-02-04 13:13:42] [info] Module: C:\Windows\System32\DriverStore\FileRepository\u0417193.inf_amd64_09be3aa5c32d5fed\B416402\amdihk64.dll is selected because it matches selected pattern: *
[2026-02-04 13:13:42] [info] Module: C:\Windows\System32\dwmapi.dll is selected because it matches selected pattern: *
[2026-02-04 13:13:42] [info] Module: C:\Windows\System32\DriverStore\FileRepository\u0417193.inf_amd64_09be3aa5c32d5fed\B416402\amdvlk64.dll is selected because it matches selected pattern: *
[2026-02-04 13:13:42] [info] Module: C:\Windows\System32\setupapi.dll is selected because it matches selected pattern: *
[2026-02-04 13:13:42] [info] Module: C:\Windows\System32\winmm.dll is selected because it matches selected pattern: *
[2026-02-04 13:13:43] [info] Module: C:\VulkanSDK\1.4.335.0\Bin\VkLayer_khronos_validation.dll is selected because it matches selected pattern: *
[2026-02-04 13:13:43] [info] Module: C:\Windows\System32\vcruntime140_1.dll is selected because it matches selected pattern: *
[2026-02-04 13:13:43] [info] Module: C:\Windows\System32\msvcp140.dll is selected because it matches selected pattern: *
[2026-02-04 13:13:43] [info] Module: C:\Windows\System32\vcruntime140.dll is selected because it matches selected pattern: *
[2026-02-04 13:13:43] [info] Module: C:\Windows\System32\DriverStore\FileRepository\u0417193.inf_amd64_09be3aa5c32d5fed\B416402\amdenc64.dll is selected because it matches selected pattern: *
[2026-02-04 13:13:43] [info] Module: C:\Windows\System32\DriverStore\FileRepository\u0417193.inf_amd64_09be3aa5c32d5fed\B416402\amdihk64.dll is selected because it matches selected pattern: *
[2026-02-04 13:13:43] [info] Module: C:\Windows\System32\dwmapi.dll is selected because it matches selected pattern: *
[2026-02-04 13:13:43] [info] Module: C:\Windows\System32\DriverStore\FileRepository\u0417193.inf_amd64_09be3aa5c32d5fed\B416402\amdvlk64.dll is selected because it matches selected pattern: *
[2026-02-04 13:13:43] [info] Module: C:\Windows\System32\setupapi.dll is selected because it matches selected pattern: *
[2026-02-04 13:13:43] [info] Module: C:\Windows\System32\winmm.dll is selected because it matches selected pattern: *
[2026-02-04 13:13:43] [info] Module: C:\VulkanSDK\1.4.335.0\Bin\VkLayer_khronos_validation.dll is selected because it matches selected pattern: *
[2026-02-04 13:13:43] [info] Module: C:\Windows\System32\vcruntime140.dll is selected because it matches selected pattern: *
[2026-02-04 13:13:43] [info] Module: C:\Windows\System32\msvcp140.dll is selected because it matches selected pattern: *
[2026-02-04 13:13:43] [info] Module: C:\Windows\System32\vcruntime140_1.dll is selected because it matches selected pattern: *
[2026-02-04 13:13:43] [info] Module: C:\Windows\System32\DriverStore\FileRepository\u0417193.inf_amd64_09be3aa5c32d5fed\B416402\amdenc64.dll is selected because it matches selected pattern: *
[2026-02-04 13:13:43] [info] Module: C:\Windows\System32\DriverStore\FileRepository\u0417193.inf_amd64_09be3aa5c32d5fed\B416402\amdihk64.dll is selected because it matches selected pattern: *
[2026-02-04 13:13:43] [info] Module: C:\Windows\System32\dwmapi.dll is selected because it matches selected pattern: *
[2026-02-04 13:13:43] [info] Module: C:\Windows\System32\DriverStore\FileRepository\u0417193.inf_amd64_09be3aa5c32d5fed\B416402\amdvlk64.dll is selected because it matches selected pattern: *
[2026-02-04 13:13:43] [info] Module: C:\Windows\System32\setupapi.dll is selected because it matches selected pattern: *
[2026-02-04 13:13:43] [info] Module: C:\Windows\System32\winmm.dll is selected because it matches selected pattern: *
[2026-02-04 13:13:43] [info] Module: C:\VulkanSDK\1.4.335.0\Bin\VkLayer_khronos_validation.dll is selected because it matches selected pattern: *
[2026-02-04 13:13:43] [info] Module: C:\Windows\System32\msvcp140.dll is selected because it matches selected pattern: *
[2026-02-04 13:13:43] [info] Module: C:\Windows\System32\vcruntime140_1.dll is selected because it matches selected pattern: *
[2026-02-04 13:13:43] [info] Module: C:\Windows\System32\vcruntime140.dll is selected because it matches selected pattern: *
[2026-02-04 13:13:43] [info] Module: C:\Windows\System32\DriverStore\FileRepository\u0417193.inf_amd64_09be3aa5c32d5fed\B416402\amdenc64.dll is selected because it matches selected pattern: *
[2026-02-04 13:13:43] [info] Module: C:\Windows\System32\DriverStore\FileRepository\u0417193.inf_amd64_09be3aa5c32d5fed\B416402\amdihk64.dll is selected because it matches selected pattern: *
[2026-02-04 13:13:43] [info] Module: C:\Windows\System32\dwmapi.dll is selected because it matches selected pattern: *
[2026-02-04 13:13:43] [info] Module: C:\Windows\System32\DriverStore\FileRepository\u0417193.inf_amd64_09be3aa5c32d5fed\B416402\amdvlk64.dll is selected because it matches selected pattern: *
[2026-02-04 13:13:43] [info] Module: C:\Windows\System32\setupapi.dll is selected because it matches selected pattern: *
[2026-02-04 13:13:43] [info] Module: C:\Windows\System32\winmm.dll is selected because it matches selected pattern: *
[2026-02-04 13:13:43] [info] Module: C:\VulkanSDK\1.4.335.0\Bin\VkLayer_khronos_validation.dll is selected because it matches selected pattern: *
[2026-02-04 13:13:44] [info] Module: C:\Windows\System32\vcruntime140.dll is selected because it matches selected pattern: *
[2026-02-04 13:13:44] [info] Module: C:\Windows\System32\vcruntime140_1.dll is selected because it matches selected pattern: *
[2026-02-04 13:13:44] [info] Module: C:\Windows\System32\msvcp140.dll is selected because it matches selected pattern: *
[2026-02-04 13:13:44] [info] Module: C:\Windows\System32\DriverStore\FileRepository\u0417193.inf_amd64_09be3aa5c32d5fed\B416402\amdenc64.dll is selected because it matches selected pattern: *
[2026-02-04 13:13:44] [info] Module: C:\Windows\System32\DriverStore\FileRepository\u0417193.inf_amd64_09be3aa5c32d5fed\B416402\amdihk64.dll is selected because it matches selected pattern: *
[2026-02-04 13:13:44] [info] Module: C:\Windows\System32\dwmapi.dll is selected because it matches selected pattern: *
[2026-02-04 13:13:44] [info] Module: C:\Windows\System32\DriverStore\FileRepository\u0417193.inf_amd64_09be3aa5c32d5fed\B416402\amdvlk64.dll is selected because it matches selected pattern: *
[2026-02-04 13:13:44] [info] Module: C:\Windows\System32\setupapi.dll is selected because it matches selected pattern: *
[2026-02-04 13:13:44] [info] Module: C:\Windows\System32\winmm.dll is selected because it matches selected pattern: *
[2026-02-04 13:13:44] [info] Module: C:\VulkanSDK\1.4.335.0\Bin\VkLayer_khronos_validation.dll is selected because it matches selected pattern: *
[2026-02-04 13:13:44] [info] Module: C:\Windows\System32\vcruntime140_1.dll is selected because it matches selected pattern: *
[2026-02-04 13:13:44] [info] Module: C:\Windows\System32\msvcp140.dll is selected because it matches selected pattern: *
[2026-02-04 13:13:44] [info] Module: C:\Windows\System32\vcruntime140.dll is selected because it matches selected pattern: *
[2026-02-04 13:13:44] [info] Module: C:\Windows\System32\DriverStore\FileRepository\u0417193.inf_amd64_09be3aa5c32d5fed\B416402\amdenc64.dll is selected because it matches selected pattern: *
[2026-02-04 13:13:44] [info] Module: C:\Windows\System32\DriverStore\FileRepository\u0417193.inf_amd64_09be3aa5c32d5fed\B416402\amdihk64.dll is selected because it matches selected pattern: *
[2026-02-04 13:13:44] [info] Module: C:\Windows\System32\dwmapi.dll is selected because it matches selected pattern: *
[2026-02-04 13:13:44] [info] Module: C:\Windows\System32\DriverStore\FileRepository\u0417193.inf_amd64_09be3aa5c32d5fed\B416402\amdvlk64.dll is selected because it matches selected pattern: *
[2026-02-04 13:13:44] [info] Module: C:\Windows\System32\setupapi.dll is selected because it matches selected pattern: *
[2026-02-04 13:13:44] [info] Module: C:\Windows\System32\winmm.dll is selected because it matches selected pattern: *
[2026-02-04 13:13:44] [info] Module: C:\VulkanSDK\1.4.335.0\Bin\VkLayer_khronos_validation.dll is selected because it matches selected pattern: *
[2026-02-04 13:13:44] [info] Module: C:\Windows\System32\vcruntime140_1.dll is selected because it matches selected pattern: *
[2026-02-04 13:13:44] [info] Module: C:\Windows\System32\msvcp140.dll is selected because it matches selected pattern: *
[2026-02-04 13:13:44] [info] Module: C:\Windows\System32\vcruntime140.dll is selected because it matches selected pattern: *
[2026-02-04 13:13:44] [info] Module: C:\Windows\System32\DriverStore\FileRepository\u0417193.inf_amd64_09be3aa5c32d5fed\B416402\amdenc64.dll is selected because it matches selected pattern: *
[2026-02-04 13:13:44] [info] Module: C:\Windows\System32\DriverStore\FileRepository\u0417193.inf_amd64_09be3aa5c32d5fed\B416402\amdihk64.dll is selected because it matches selected pattern: *
[2026-02-04 13:13:44] [info] Module: C:\Windows\System32\dwmapi.dll is selected because it matches selected pattern: *
[2026-02-04 13:13:44] [info] Module: C:\Windows\System32\DriverStore\FileRepository\u0417193.inf_amd64_09be3aa5c32d5fed\B416402\amdvlk64.dll is selected because it matches selected pattern: *
[2026-02-04 13:13:44] [info] Module: C:\Windows\System32\setupapi.dll is selected because it matches selected pattern: *
[2026-02-04 13:13:44] [info] Module: C:\Windows\System32\winmm.dll is selected because it matches selected pattern: *
[2026-02-04 13:13:44] [info] Module: C:\VulkanSDK\1.4.335.0\Bin\VkLayer_khronos_validation.dll is selected because it matches selected pattern: *
[2026-02-04 13:13:44] [info] Module: C:\Windows\System32\vcruntime140.dll is selected because it matches selected pattern: *
[2026-02-04 13:13:44] [info] Module: C:\Windows\System32\msvcp140.dll is selected because it matches selected pattern: *
[2026-02-04 13:13:44] [info] Module: C:\Windows\System32\vcruntime140_1.dll is selected because it matches selected pattern: *
[2026-02-04 13:13:44] [info] Module: C:\Windows\System32\DriverStore\FileRepository\u0417193.inf_amd64_09be3aa5c32d5fed\B416402\amdenc64.dll is selected because it matches selected pattern: *
[2026-02-04 13:13:44] [info] Module: C:\Windows\System32\DriverStore\FileRepository\u0417193.inf_amd64_09be3aa5c32d5fed\B416402\amdihk64.dll is selected because it matches selected pattern: *
[2026-02-04 13:13:45] [info] Module: C:\Windows\System32\dwmapi.dll is selected because it matches selected pattern: *
[2026-02-04 13:13:45] [info] Module: C:\Windows\System32\DriverStore\FileRepository\u0417193.inf_amd64_09be3aa5c32d5fed\B416402\amdvlk64.dll is selected because it matches selected pattern: *
[2026-02-04 13:13:45] [info] Module: C:\Windows\System32\setupapi.dll is selected because it matches selected pattern: *
[2026-02-04 13:13:45] [info] Module: C:\Windows\System32\winmm.dll is selected because it matches selected pattern: *
[2026-02-04 13:13:45] [info] Module: C:\VulkanSDK\1.4.335.0\Bin\VkLayer_khronos_validation.dll is selected because it matches selected pattern: *
[2026-02-04 13:13:45] [info] Module: C:\Windows\System32\vcruntime140_1.dll is selected because it matches selected pattern: *
[2026-02-04 13:13:45] [info] Module: C:\Windows\System32\msvcp140.dll is selected because it matches selected pattern: *
[2026-02-04 13:13:45] [info] Module: C:\Windows\System32\vcruntime140.dll is selected because it matches selected pattern: *
[2026-02-04 13:13:45] [info] Module: C:\Windows\System32\DriverStore\FileRepository\u0417193.inf_amd64_09be3aa5c32d5fed\B416402\amdenc64.dll is selected because it matches selected pattern: *
[2026-02-04 13:13:45] [info] Module: C:\Windows\System32\DriverStore\FileRepository\u0417193.inf_amd64_09be3aa5c32d5fed\B416402\amdihk64.dll is selected because it matches selected pattern: *
[2026-02-04 13:13:45] [info] Module: C:\Windows\System32\dwmapi.dll is selected because it matches selected pattern: *
[2026-02-04 13:13:45] [info] Module: C:\Windows\System32\DriverStore\FileRepository\u0417193.inf_amd64_09be3aa5c32d5fed\B416402\amdvlk64.dll is selected because it matches selected pattern: *
[2026-02-04 13:13:45] [info] Module: C:\Windows\System32\setupapi.dll is selected because it matches selected pattern: *
[2026-02-04 13:13:45] [info] Module: C:\Windows\System32\winmm.dll is selected because it matches selected pattern: *
[2026-02-04 13:13:45] [info] Module: C:\VulkanSDK\1.4.335.0\Bin\VkLayer_khronos_validation.dll is selected because it matches selected pattern: *
[2026-02-04 13:13:45] [info] Module: C:\Windows\System32\msvcp140.dll is selected because it matches selected pattern: *
[2026-02-04 13:13:45] [info] Module: C:\Windows\System32\vcruntime140.dll is selected because it matches selected pattern: *
[2026-02-04 13:13:45] [info] Module: C:\Windows\System32\vcruntime140_1.dll is selected because it matches selected pattern: *
[2026-02-04 13:13:45] [info] Module: C:\Windows\System32\DriverStore\FileRepository\u0417193.inf_amd64_09be3aa5c32d5fed\B416402\amdenc64.dll is selected because it matches selected pattern: *
[2026-02-04 13:13:45] [info] Module: C:\Windows\System32\DriverStore\FileRepository\u0417193.inf_amd64_09be3aa5c32d5fed\B416402\amdihk64.dll is selected because it matches selected pattern: *
[2026-02-04 13:13:45] [info] Module: C:\Windows\System32\dwmapi.dll is selected because it matches selected pattern: *
[2026-02-04 13:13:45] [info] Module: C:\Windows\System32\DriverStore\FileRepository\u0417193.inf_amd64_09be3aa5c32d5fed\B416402\amdvlk64.dll is selected because it matches selected pattern: *
[2026-02-04 13:13:45] [info] Module: C:\Windows\System32\setupapi.dll is selected because it matches selected pattern: *
[2026-02-04 13:13:45] [info] Module: C:\Windows\System32\winmm.dll is selected because it matches selected pattern: *
[2026-02-04 13:13:45] [info] Module: C:\VulkanSDK\1.4.335.0\Bin\VkLayer_khronos_validation.dll is selected because it matches selected pattern: *
[2026-02-04 13:13:45] [info] Module: C:\Windows\System32\vcruntime140_1.dll is selected because it matches selected pattern: *
[2026-02-04 13:13:45] [info] Module: C:\Windows\System32\msvcp140.dll is selected because it matches selected pattern: *
[2026-02-04 13:13:45] [info] Module: C:\Windows\System32\vcruntime140.dll is selected because it matches selected pattern: *
[2026-02-04 13:13:45] [info] Module: C:\Windows\System32\DriverStore\FileRepository\u0417193.inf_amd64_09be3aa5c32d5fed\B416402\amdenc64.dll is selected because it matches selected pattern: *
[2026-02-04 13:13:45] [info] Module: C:\Windows\System32\DriverStore\FileRepository\u0417193.inf_amd64_09be3aa5c32d5fed\B416402\amdihk64.dll is selected because it matches selected pattern: *
[2026-02-04 13:13:45] [info] Module: C:\Windows\System32\dwmapi.dll is selected because it matches selected pattern: *
[2026-02-04 13:13:45] [info] Module: C:\Windows\System32\DriverStore\FileRepository\u0417193.inf_amd64_09be3aa5c32d5fed\B416402\amdvlk64.dll is selected because it matches selected pattern: *
[2026-02-04 13:13:45] [info] Module: C:\Windows\System32\setupapi.dll is selected because it matches selected pattern: *
[2026-02-04 13:13:45] [info] Module: C:\Windows\System32\winmm.dll is selected because it matches selected pattern: *
[2026-02-04 13:13:45] [info] Module: C:\VulkanSDK\1.4.335.0\Bin\VkLayer_khronos_validation.dll is selected because it matches selected pattern: *
[2026-02-04 13:13:46] [info] Module: C:\Windows\System32\msvcp140.dll is selected because it matches selected pattern: *
[2026-02-04 13:13:46] [info] Module: C:\Windows\System32\vcruntime140.dll is selected because it matches selected pattern: *
[2026-02-04 13:13:46] [info] Module: C:\Windows\System32\vcruntime140_1.dll is selected because it matches selected pattern: *
[2026-02-04 13:13:46] [info] Module: C:\Windows\System32\DriverStore\FileRepository\u0417193.inf_amd64_09be3aa5c32d5fed\B416402\amdenc64.dll is selected because it matches selected pattern: *
[2026-02-04 13:13:46] [info] Module: C:\Windows\System32\DriverStore\FileRepository\u0417193.inf_amd64_09be3aa5c32d5fed\B416402\amdihk64.dll is selected because it matches selected pattern: *
[2026-02-04 13:13:46] [info] Module: C:\Windows\System32\dwmapi.dll is selected because it matches selected pattern: *
[2026-02-04 13:13:46] [info] Module: C:\Windows\System32\DriverStore\FileRepository\u0417193.inf_amd64_09be3aa5c32d5fed\B416402\amdvlk64.dll is selected because it matches selected pattern: *
[2026-02-04 13:13:46] [info] Module: C:\Windows\System32\setupapi.dll is selected because it matches selected pattern: *
[2026-02-04 13:13:46] [info] Module: C:\Windows\System32\winmm.dll is selected because it matches selected pattern: *
[2026-02-04 13:13:46] [info] Module: C:\VulkanSDK\1.4.335.0\Bin\VkLayer_khronos_validation.dll is selected because it matches selected pattern: *
[2026-02-04 13:13:46] [info] Module: C:\Windows\System32\vcruntime140.dll is selected because it matches selected pattern: *
[2026-02-04 13:13:46] [info] Module: C:\Windows\System32\vcruntime140_1.dll is selected because it matches selected pattern: *
[2026-02-04 13:13:46] [info] Module: C:\Windows\System32\msvcp140.dll is selected because it matches selected pattern: *
[2026-02-04 13:13:46] [info] Module: C:\Windows\System32\DriverStore\FileRepository\u0417193.inf_amd64_09be3aa5c32d5fed\B416402\amdenc64.dll is selected because it matches selected pattern: *
[2026-02-04 13:13:46] [info] Module: C:\Windows\System32\DriverStore\FileRepository\u0417193.inf_amd64_09be3aa5c32d5fed\B416402\amdihk64.dll is selected because it matches selected pattern: *
[2026-02-04 13:13:46] [info] Module: C:\Windows\System32\DriverStore\FileRepository\u0417193.inf_amd64_09be3aa5c32d5fed\B416402\amdvlk64.dll is selected because it matches selected pattern: *
[2026-02-04 13:13:46] [info] Module: C:\Windows\System32\setupapi.dll is selected because it matches selected pattern: *
[2026-02-04 13:13:46] [info] Module: C:\Windows\System32\winmm.dll is selected because it matches selected pattern: *
[2026-02-04 13:13:46] [info] Module: C:\VulkanSDK\1.4.335.0\Bin\VkLayer_khronos_validation.dll is selected because it matches selected pattern: *
[2026-02-04 13:13:46] [info] Module: C:\Windows\System32\vcruntime140.dll is selected because it matches selected pattern: *
[2026-02-04 13:13:46] [info] Module: C:\Windows\System32\msvcp140.dll is selected because it matches selected pattern: *
[2026-02-04 13:13:46] [info] Module: C:\Windows\System32\vcruntime140_1.dll is selected because it matches selected pattern: *
[2026-02-04 13:13:46] [info] Module: C:\Windows\System32\dwmapi.dll is selected because it matches selected pattern: *
[2026-02-04 13:13:46] [info] Module: C:\Windows\System32\DriverStore\FileRepository\u0417193.inf_amd64_09be3aa5c32d5fed\B416402\amdenc64.dll is selected because it matches selected pattern: *
[2026-02-04 13:13:46] [info] Module: C:\Windows\System32\DriverStore\FileRepository\u0417193.inf_amd64_09be3aa5c32d5fed\B416402\amdihk64.dll is selected because it matches selected pattern: *
[2026-02-04 13:13:46] [info] Module: C:\Windows\System32\DriverStore\FileRepository\u0417193.inf_amd64_09be3aa5c32d5fed\B416402\amdvlk64.dll is selected because it matches selected pattern: *
[2026-02-04 13:13:46] [info] Module: C:\Windows\System32\setupapi.dll is selected because it matches selected pattern: *
[2026-02-04 13:13:46] [info] Module: C:\Windows\System32\winmm.dll is selected because it matches selected pattern: *
[2026-02-04 13:13:46] [info] Module: C:\VulkanSDK\1.4.335.0\Bin\VkLayer_khronos_validation.dll is selected because it matches selected pattern: *
[2026-02-04 13:13:46] [info] Module: C:\Windows\System32\vcruntime140.dll is selected because it matches selected pattern: *
[2026-02-04 13:13:46] [info] Module: C:\Windows\System32\msvcp140.dll is selected because it matches selected pattern: *
[2026-02-04 13:13:46] [info] Module: C:\Windows\System32\vcruntime140_1.dll is selected because it matches selected pattern: *
[2026-02-04 13:13:46] [info] Module: C:\Windows\System32\dwmapi.dll is selected because it matches selected pattern: *
[2026-02-04 13:13:46] [info] Module: C:\Windows\System32\DriverStore\FileRepository\u0417193.inf_amd64_09be3aa5c32d5fed\B416402\amdenc64.dll is selected because it matches selected pattern: *
[2026-02-04 13:13:46] [info] Module: C:\Windows\System32\DriverStore\FileRepository\u0417193.inf_amd64_09be3aa5c32d5fed\B416402\amdihk64.dll is selected because it matches selected pattern: *
[2026-02-04 13:13:46] [info] Module: C:\Windows\System32\dwmapi.dll is selected because it matches selected pattern: *
[2026-02-04 13:13:46] [info] Module: C:\Windows\System32\DriverStore\FileRepository\u0417193.inf_amd64_09be3aa5c32d5fed\B416402\amdvlk64.dll is selected because it matches selected pattern: *
[2026-02-04 13:13:46] [info] Module: C:\Windows\System32\setupapi.dll is selected because it matches selected pattern: *
[2026-02-04 13:13:46] [info] Module: C:\Windows\System32\winmm.dll is selected because it matches selected pattern: *
[2026-02-04 13:13:46] [info] Module: C:\VulkanSDK\1.4.335.0\Bin\VkLayer_khronos_validation.dll is selected because it matches selected pattern: *
[2026-02-04 13:13:46] [info] Module: C:\Windows\System32\vcruntime140.dll is selected because it matches selected pattern: *
[2026-02-04 13:13:46] [info] Module: C:\Windows\System32\msvcp140.dll is selected because it matches selected pattern: *
[2026-02-04 13:13:46] [info] Module: C:\Windows\System32\vcruntime140_1.dll is selected because it matches selected pattern: *
[2026-02-04 13:13:46] [info] Module: C:\Windows\System32\DriverStore\FileRepository\u0417193.inf_amd64_09be3aa5c32d5fed\B416402\amdenc64.dll is selected because it matches selected pattern: *
[2026-02-04 13:13:46] [info] Module: C:\Windows\System32\DriverStore\FileRepository\u0417193.inf_amd64_09be3aa5c32d5fed\B416402\amdihk64.dll is selected because it matches selected pattern: *
[2026-02-04 13:13:46] [info] Module: C:\Windows\System32\dwmapi.dll is selected because it matches selected pattern: *
[2026-02-04 13:13:47] [info] Module: C:\Windows\System32\DriverStore\FileRepository\u0417193.inf_amd64_09be3aa5c32d5fed\B416402\amdvlk64.dll is selected because it matches selected pattern: *
[2026-02-04 13:13:47] [info] Module: C:\Windows\System32\setupapi.dll is selected because it matches selected pattern: *
[2026-02-04 13:13:47] [info] Module: C:\Windows\System32\winmm.dll is selected because it matches selected pattern: *
[2026-02-04 13:13:47] [info] Module: C:\VulkanSDK\1.4.335.0\Bin\VkLayer_khronos_validation.dll is selected because it matches selected pattern: *
[2026-02-04 13:13:47] [info] Module: C:\Windows\System32\vcruntime140_1.dll is selected because it matches selected pattern: *
[2026-02-04 13:13:47] [info] Module: C:\Windows\System32\msvcp140.dll is selected because it matches selected pattern: *
[2026-02-04 13:13:47] [info] Module: C:\Windows\System32\vcruntime140.dll is selected because it matches selected pattern: *
[2026-02-04 13:13:47] [info] Module: C:\Windows\System32\DriverStore\FileRepository\u0417193.inf_amd64_09be3aa5c32d5fed\B416402\amdenc64.dll is selected because it matches selected pattern: *
[2026-02-04 13:13:47] [info] Module: C:\Windows\System32\DriverStore\FileRepository\u0417193.inf_amd64_09be3aa5c32d5fed\B416402\amdihk64.dll is selected because it matches selected pattern: *
[2026-02-04 13:13:47] [info] Module: C:\Windows\System32\dwmapi.dll is selected because it matches selected pattern: *
[2026-02-04 13:13:47] [info] Module: C:\Windows\System32\DriverStore\FileRepository\u0417193.inf_amd64_09be3aa5c32d5fed\B416402\amdvlk64.dll is selected because it matches selected pattern: *
[2026-02-04 13:13:47] [info] Module: C:\Windows\System32\setupapi.dll is selected because it matches selected pattern: *
[2026-02-04 13:13:47] [info] Module: C:\Windows\System32\winmm.dll is selected because it matches selected pattern: *
[2026-02-04 13:13:47] [info] Module: C:\VulkanSDK\1.4.335.0\Bin\VkLayer_khronos_validation.dll is selected because it matches selected pattern: *
[2026-02-04 13:13:47] [info] Module: C:\Windows\System32\vcruntime140_1.dll is selected because it matches selected pattern: *
[2026-02-04 13:13:47] [info] Module: C:\Windows\System32\msvcp140.dll is selected because it matches selected pattern: *
[2026-02-04 13:13:47] [info] Module: C:\Windows\System32\vcruntime140.dll is selected because it matches selected pattern: *
[2026-02-04 13:13:47] [info] Module: C:\Windows\System32\DriverStore\FileRepository\u0417193.inf_amd64_09be3aa5c32d5fed\B416402\amdenc64.dll is selected because it matches selected pattern: *
[2026-02-04 13:13:47] [info] Module: C:\Windows\System32\DriverStore\FileRepository\u0417193.inf_amd64_09be3aa5c32d5fed\B416402\amdihk64.dll is selected because it matches selected pattern: *
[2026-02-04 13:13:47] [info] Module: C:\Windows\System32\dwmapi.dll is selected because it matches selected pattern: *
[2026-02-04 13:13:47] [info] Module: C:\Windows\System32\DriverStore\FileRepository\u0417193.inf_amd64_09be3aa5c32d5fed\B416402\amdvlk64.dll is selected because it matches selected pattern: *
[2026-02-04 13:13:47] [info] Module: C:\Windows\System32\setupapi.dll is selected because it matches selected pattern: *
[2026-02-04 13:13:47] [info] Module: C:\Windows\System32\winmm.dll is selected because it matches selected pattern: *
[2026-02-04 13:13:47] [info] Module: C:\VulkanSDK\1.4.335.0\Bin\VkLayer_khronos_validation.dll is selected because it matches selected pattern: *
[2026-02-04 13:13:47] [info] Module: C:\Windows\System32\vcruntime140_1.dll is selected because it matches selected pattern: *
[2026-02-04 13:13:47] [info] Module: C:\Windows\System32\msvcp140.dll is selected because it matches selected pattern: *
[2026-02-04 13:13:47] [info] Module: C:\Windows\System32\vcruntime140.dll is selected because it matches selected pattern: *
[2026-02-04 13:13:47] [info] Module: C:\Windows\System32\DriverStore\FileRepository\u0417193.inf_amd64_09be3aa5c32d5fed\B416402\amdenc64.dll is selected because it matches selected pattern: *
[2026-02-04 13:13:47] [info] Module: C:\Windows\System32\DriverStore\FileRepository\u0417193.inf_amd64_09be3aa5c32d5fed\B416402\amdihk64.dll is selected because it matches selected pattern: *
[2026-02-04 13:13:47] [info] Module: C:\Windows\System32\dwmapi.dll is selected because it matches selected pattern: *
[2026-02-04 13:13:47] [info] Module: C:\Windows\System32\DriverStore\FileRepository\u0417193.inf_amd64_09be3aa5c32d5fed\B416402\amdvlk64.dll is selected because it matches selected pattern: *
[2026-02-04 13:13:47] [info] Module: C:\Windows\System32\setupapi.dll is selected because it matches selected pattern: *
[2026-02-04 13:13:47] [info] Module: C:\Windows\System32\winmm.dll is selected because it matches selected pattern: *
[2026-02-04 13:13:47] [info] Module: C:\VulkanSDK\1.4.335.0\Bin\VkLayer_khronos_validation.dll is selected because it matches selected pattern: *
[2026-02-04 13:13:47] [info] Module: C:\Windows\System32\msvcp140.dll is selected because it matches selected pattern: *
[2026-02-04 13:13:47] [info] Module: C:\Windows\System32\vcruntime140.dll is selected because it matches selected pattern: *
[2026-02-04 13:13:47] [info] Module: C:\Windows\System32\vcruntime140_1.dll is selected because it matches selected pattern: *
[2026-02-04 13:13:47] [info] Module: C:\Windows\System32\DriverStore\FileRepository\u0417193.inf_amd64_09be3aa5c32d5fed\B416402\amdenc64.dll is selected because it matches selected pattern: *
[2026-02-04 13:13:47] [info] Module: C:\Windows\System32\DriverStore\FileRepository\u0417193.inf_amd64_09be3aa5c32d5fed\B416402\amdihk64.dll is selected because it matches selected pattern: *
[2026-02-04 13:13:48] [info] Module: C:\Windows\System32\dwmapi.dll is selected because it matches selected pattern: *
[2026-02-04 13:13:48] [info] Module: C:\Windows\System32\DriverStore\FileRepository\u0417193.inf_amd64_09be3aa5c32d5fed\B416402\amdvlk64.dll is selected because it matches selected pattern: *
[2026-02-04 13:13:48] [info] Module: C:\Windows\System32\setupapi.dll is selected because it matches selected pattern: *
[2026-02-04 13:13:48] [info] Module: C:\Windows\System32\winmm.dll is selected because it matches selected pattern: *
[2026-02-04 13:13:48] [info] Module: C:\VulkanSDK\1.4.335.0\Bin\VkLayer_khronos_validation.dll is selected because it matches selected pattern: *
[2026-02-04 13:13:48] [info] Module: C:\Windows\System32\msvcp140.dll is selected because it matches selected pattern: *
[2026-02-04 13:13:48] [info] Module: C:\Windows\System32\vcruntime140_1.dll is selected because it matches selected pattern: *
[2026-02-04 13:13:48] [info] Module: C:\Windows\System32\vcruntime140.dll is selected because it matches selected pattern: *
[2026-02-04 13:13:48] [info] Module: C:\Windows\System32\vcruntime140.dll is selected because it matches selected pattern: *
[2026-02-04 13:13:48] [info] Module: C:\Windows\System32\vcruntime140.dll is selected because it matches selected pattern: *
[2026-02-04 13:13:48] [info] Module: C:\Windows\System32\DriverStore\FileRepository\u0417193.inf_amd64_09be3aa5c32d5fed\B416402\amdenc64.dll is selected because it matches selected pattern: *
[2026-02-04 13:13:48] [info] Module: C:\Windows\System32\DriverStore\FileRepository\u0417193.inf_amd64_09be3aa5c32d5fed\B416402\amdihk64.dll is selected because it matches selected pattern: *
[2026-02-04 13:13:48] [info] Module: C:\Windows\System32\dwmapi.dll is selected because it matches selected pattern: *
[2026-02-04 13:13:48] [info] Module: C:\Windows\System32\DriverStore\FileRepository\u0417193.inf_amd64_09be3aa5c32d5fed\B416402\amdvlk64.dll is selected because it matches selected pattern: *
[2026-02-04 13:13:48] [info] Module: C:\Windows\System32\setupapi.dll is selected because it matches selected pattern: *
[2026-02-04 13:13:48] [info] Module: C:\Windows\System32\winmm.dll is selected because it matches selected pattern: *
[2026-02-04 13:13:48] [info] Module: C:\VulkanSDK\1.4.335.0\Bin\VkLayer_khronos_validation.dll is selected because it matches selected pattern: *
[2026-02-04 13:13:48] [info] Module: C:\Windows\System32\vcruntime140.dll is selected because it matches selected pattern: *
[2026-02-04 13:13:48] [info] Module: C:\Windows\System32\vcruntime140_1.dll is selected because it matches selected pattern: *
[2026-02-04 13:13:48] [info] Module: C:\Windows\System32\msvcp140.dll is selected because it matches selected pattern: *
[2026-02-04 13:13:48] [info] Module: C:\Windows\System32\DriverStore\FileRepository\u0417193.inf_amd64_09be3aa5c32d5fed\B416402\amdenc64.dll is selected because it matches selected pattern: *
[2026-02-04 13:13:48] [info] Module: C:\Windows\System32\DriverStore\FileRepository\u0417193.inf_amd64_09be3aa5c32d5fed\B416402\amdihk64.dll is selected because it matches selected pattern: *
[2026-02-04 13:13:48] [info] Module: C:\Windows\System32\dwmapi.dll is selected because it matches selected pattern: *
[2026-02-04 13:13:48] [info] Module: C:\Windows\System32\DriverStore\FileRepository\u0417193.inf_amd64_09be3aa5c32d5fed\B416402\amdvlk64.dll is selected because it matches selected pattern: *
[2026-02-04 13:13:48] [info] Module: C:\Windows\System32\setupapi.dll is selected because it matches selected pattern: *
[2026-02-04 13:13:48] [info] Module: C:\Windows\System32\winmm.dll is selected because it matches selected pattern: *
[2026-02-04 13:13:48] [info] Module: C:\VulkanSDK\1.4.335.0\Bin\VkLayer_khronos_validation.dll is selected because it matches selected pattern: *
[2026-02-04 13:13:48] [info] Module: C:\Windows\System32\vcruntime140.dll is selected because it matches selected pattern: *
[2026-02-04 13:13:48] [info] Module: C:\Windows\System32\msvcp140.dll is selected because it matches selected pattern: *
[2026-02-04 13:13:48] [info] Module: C:\Windows\System32\vcruntime140_1.dll is selected because it matches selected pattern: *
[2026-02-04 13:13:48] [info] Module: C:\Windows\System32\DriverStore\FileRepository\u0417193.inf_amd64_09be3aa5c32d5fed\B416402\amdenc64.dll is selected because it matches selected pattern: *
[2026-02-04 13:13:48] [info] Module: C:\Windows\System32\DriverStore\FileRepository\u0417193.inf_amd64_09be3aa5c32d5fed\B416402\amdihk64.dll is selected because it matches selected pattern: *
[2026-02-04 13:13:48] [info] Module: C:\Windows\System32\dwmapi.dll is selected because it matches selected pattern: *
[2026-02-04 13:13:48] [info] Module: C:\Windows\System32\DriverStore\FileRepository\u0417193.inf_amd64_09be3aa5c32d5fed\B416402\amdvlk64.dll is selected because it matches selected pattern: *
[2026-02-04 13:13:48] [info] Module: C:\Windows\System32\setupapi.dll is selected because it matches selected pattern: *
[2026-02-04 13:13:48] [info] Module: C:\Windows\System32\winmm.dll is selected because it matches selected pattern: *
[2026-02-04 13:13:49] [info] Module: C:\VulkanSDK\1.4.335.0\Bin\VkLayer_khronos_validation.dll is selected because it matches selected pattern: *
[2026-02-04 13:13:49] [info] Module: C:\Windows\System32\vcruntime140_1.dll is selected because it matches selected pattern: *
[2026-02-04 13:13:49] [info] Module: C:\Windows\System32\msvcp140.dll is selected because it matches selected pattern: *
[2026-02-04 13:13:49] [info] Module: C:\Windows\System32\vcruntime140.dll is selected because it matches selected pattern: *
[2026-02-04 13:13:49] [info] Module: C:\Windows\System32\vcruntime140.dll is selected because it matches selected pattern: *
[2026-02-04 13:13:49] [info] Module: C:\Windows\System32\vcruntime140.dll is selected because it matches selected pattern: *
[2026-02-04 13:13:49] [info] Module: C:\Windows\System32\DriverStore\FileRepository\u0417193.inf_amd64_09be3aa5c32d5fed\B416402\amdenc64.dll is selected because it matches selected pattern: *
[2026-02-04 13:13:49] [info] Module: C:\Windows\System32\DriverStore\FileRepository\u0417193.inf_amd64_09be3aa5c32d5fed\B416402\amdihk64.dll is selected because it matches selected pattern: *
[2026-02-04 13:13:49] [info] Module: C:\Windows\System32\dwmapi.dll is selected because it matches selected pattern: *
[2026-02-04 13:13:49] [info] Module: C:\Windows\System32\DriverStore\FileRepository\u0417193.inf_amd64_09be3aa5c32d5fed\B416402\amdvlk64.dll is selected because it matches selected pattern: *
[2026-02-04 13:13:49] [info] Module: C:\Windows\System32\setupapi.dll is selected because it matches selected pattern: *
[2026-02-04 13:13:49] [info] Module: C:\Windows\System32\winmm.dll is selected because it matches selected pattern: *
[2026-02-04 13:13:49] [info] Module: C:\VulkanSDK\1.4.335.0\Bin\VkLayer_khronos_validation.dll is selected because it matches selected pattern: *
[2026-02-04 13:13:49] [info] Module: C:\Windows\System32\vcruntime140.dll is selected because it matches selected pattern: *
[2026-02-04 13:13:49] [info] Module: C:\Windows\System32\vcruntime140_1.dll is selected because it matches selected pattern: *
[2026-02-04 13:13:49] [info] Module: C:\Windows\System32\msvcp140.dll is selected because it matches selected pattern: *
[2026-02-04 13:13:49] [info] Module: C:\Windows\System32\DriverStore\FileRepository\u0417193.inf_amd64_09be3aa5c32d5fed\B416402\amdenc64.dll is selected because it matches selected pattern: *
[2026-02-04 13:13:49] [info] Module: C:\Windows\System32\DriverStore\FileRepository\u0417193.inf_amd64_09be3aa5c32d5fed\B416402\amdihk64.dll is selected because it matches selected pattern: *
[2026-02-04 13:13:49] [info] Module: C:\Windows\System32\D3D12.dll is selected because it matches selected pattern: *
[2026-02-04 13:13:49] [info] Module: C:\Windows\System32\DriverStore\FileRepository\u0417193.inf_amd64_09be3aa5c32d5fed\B416402\amdxc64.dll is selected because it matches selected pattern: *
[2026-02-04 13:13:49] [info] Module: C:\Windows\System32\version.dll is selected because it matches selected pattern: *
[2026-02-04 13:13:49] [info] Module: C:\Windows\System32\D3D12Core.dll is selected because it matches selected pattern: *
[2026-02-04 13:13:49] [info] Module: C:\Windows\System32\D3DSCache.dll is selected because it matches selected pattern: *
[2026-02-04 13:13:49] [info] Module: C:\Windows\System32\userenv.dll is selected because it matches selected pattern: *
[2026-02-04 13:13:49] [info] Module: C:\Windows\System32\twinapi.appcore.dll is selected because it matches selected pattern: *
[2026-02-04 13:13:49] [info] Module: C:\Windows\System32\dxilconv.dll is selected because it matches selected pattern: *
[2026-02-04 13:13:49] [info] Module: C:\Windows\System32\dcomp.dll is selected because it matches selected pattern: *
[2026-02-04 13:13:49] [info] Module: C:\Windows\System32\Microsoft.Internal.WarpPal.dll is selected because it matches selected pattern: *
[2026-02-04 13:13:49] [info] Module: C:\Windows\System32\DriverStore\FileRepository\u0417193.inf_amd64_09be3aa5c32d5fed\B416402\amdvlk64.dll is selected because it matches selected pattern: *
[2026-02-04 13:13:49] [info] Module: C:\Windows\System32\setupapi.dll is selected because it matches selected pattern: *
[2026-02-04 13:13:49] [info] Module: C:\VulkanSDK\1.4.335.0\Bin\VkLayer_khronos_validation.dll is selected because it matches selected pattern: *
[2026-02-04 13:13:49] [info] Module: C:\Windows\System32\vcruntime140_1.dll is selected because it matches selected pattern: *
[2026-02-04 13:13:49] [info] Module: C:\Windows\System32\msvcp140.dll is selected because it matches selected pattern: *
[2026-02-04 13:13:49] [info] Module: C:\Windows\System32\vcruntime140.dll is selected because it matches selected pattern: *
[2026-02-04 13:13:49] [info] Module: C:\Windows\System32\DriverStore\FileRepository\u0417193.inf_amd64_09be3aa5c32d5fed\B416402\amdenc64.dll is selected because it matches selected pattern: *
[2026-02-04 13:13:49] [info] Module: C:\Windows\System32\DriverStore\FileRepository\u0417193.inf_amd64_09be3aa5c32d5fed\B416402\amdvlk64.dll is selected because it matches selected pattern: *
[2026-02-04 13:13:49] [info] Module: C:\Windows\System32\setupapi.dll is selected because it matches selected pattern: *
[2026-02-04 13:13:49] [info] Module: C:\VulkanSDK\1.4.335.0\Bin\VkLayer_khronos_validation.dll is selected because it matches selected pattern: *
[2026-02-04 13:13:49] [info] Module: C:\Windows\System32\vcruntime140_1.dll is selected because it matches selected pattern: *
[2026-02-04 13:13:49] [info] Module: C:\Windows\System32\vcruntime140.dll is selected because it matches selected pattern: *
[2026-02-04 13:13:49] [info] Module: C:\Windows\System32\msvcp140.dll is selected because it matches selected pattern: *
[2026-02-04 13:13:49] [info] Module: C:\Windows\System32\DriverStore\FileRepository\u0417193.inf_amd64_09be3aa5c32d5fed\B416402\amdenc64.dll is selected because it matches selected pattern: *
[2026-02-04 13:13:49] [info] Module: C:\Windows\System32\DriverStore\FileRepository\u0417193.inf_amd64_09be3aa5c32d5fed\B416402\amdvlk64.dll is selected because it matches selected pattern: *
[2026-02-04 13:13:49] [info] Module: C:\Windows\System32\setupapi.dll is selected because it matches selected pattern: *
[2026-02-04 13:13:49] [info] Module: C:\VulkanSDK\1.4.335.0\Bin\VkLayer_khronos_validation.dll is selected because it matches selected pattern: *
[2026-02-04 13:13:50] [info] Module: C:\Windows\System32\msvcp140.dll is selected because it matches selected pattern: *
[2026-02-04 13:13:50] [info] Module: C:\Windows\System32\vcruntime140.dll is selected because it matches selected pattern: *
[2026-02-04 13:13:50] [info] Module: C:\Windows\System32\vcruntime140_1.dll is selected because it matches selected pattern: *
[2026-02-04 13:13:50] [info] Module: C:\Windows\System32\DriverStore\FileRepository\u0417193.inf_amd64_09be3aa5c32d5fed\B416402\amdenc64.dll is selected because it matches selected pattern: *
[2026-02-04 13:13:50] [info] Module: C:\Windows\System32\DriverStore\FileRepository\u0417193.inf_amd64_09be3aa5c32d5fed\B416402\amdvlk64.dll is selected because it matches selected pattern: *
[2026-02-04 13:13:50] [info] Module: C:\Windows\System32\setupapi.dll is selected because it matches selected pattern: *
[2026-02-04 13:13:50] [info] Module: C:\VulkanSDK\1.4.335.0\Bin\VkLayer_khronos_validation.dll is selected because it matches selected pattern: *
[2026-02-04 13:13:50] [info] Module: C:\Windows\System32\msvcp140.dll is selected because it matches selected pattern: *
[2026-02-04 13:13:50] [info] Module: C:\Windows\System32\vcruntime140.dll is selected because it matches selected pattern: *
[2026-02-04 13:13:50] [info] Module: C:\Windows\System32\vcruntime140_1.dll is selected because it matches selected pattern: *
[2026-02-04 13:13:50] [info] Module: C:\Windows\System32\DriverStore\FileRepository\u0417193.inf_amd64_09be3aa5c32d5fed\B416402\amdenc64.dll is selected because it matches selected pattern: *
[2026-02-04 13:13:50] [info] Module: C:\Windows\System32\DriverStore\FileRepository\u0417193.inf_amd64_09be3aa5c32d5fed\B416402\amdvlk64.dll is selected because it matches selected pattern: *
[2026-02-04 13:13:50] [info] Module: C:\Windows\System32\setupapi.dll is selected because it matches selected pattern: *
[2026-02-04 13:13:50] [info] Module: C:\VulkanSDK\1.4.335.0\Bin\VkLayer_khronos_validation.dll is selected because it matches selected pattern: *
[2026-02-04 13:13:50] [info] Module: C:\Windows\System32\vcruntime140.dll is selected because it matches selected pattern: *
[2026-02-04 13:13:50] [info] Module: C:\Windows\System32\vcruntime140_1.dll is selected because it matches selected pattern: *
[2026-02-04 13:13:50] [info] Module: C:\Windows\System32\msvcp140.dll is selected because it matches selected pattern: *
[2026-02-04 13:13:50] [info] Module: C:\Windows\System32\DriverStore\FileRepository\u0417193.inf_amd64_09be3aa5c32d5fed\B416402\amdenc64.dll is selected because it matches selected pattern: *
[2026-02-04 13:13:50] [info] Module: C:\Windows\System32\DriverStore\FileRepository\u0417193.inf_amd64_09be3aa5c32d5fed\B416402\amdvlk64.dll is selected because it matches selected pattern: *
[2026-02-04 13:13:50] [info] Module: C:\Windows\System32\setupapi.dll is selected because it matches selected pattern: *
[2026-02-04 13:13:50] [info] Module: C:\VulkanSDK\1.4.335.0\Bin\VkLayer_khronos_validation.dll is selected because it matches selected pattern: *
[2026-02-04 13:13:50] [info] Module: C:\Windows\System32\vcruntime140_1.dll is selected because it matches selected pattern: *
[2026-02-04 13:13:50] [info] Module: C:\Windows\System32\msvcp140.dll is selected because it matches selected pattern: *
[2026-02-04 13:13:50] [info] Module: C:\Windows\System32\vcruntime140.dll is selected because it matches selected pattern: *
[2026-02-04 13:13:50] [info] Module: C:\Windows\System32\vcruntime140.dll is selected because it matches selected pattern: *
[2026-02-04 13:13:50] [info] Module: C:\Windows\System32\DriverStore\FileRepository\u0417193.inf_amd64_09be3aa5c32d5fed\B416402\amdenc64.dll is selected because it matches selected pattern: *
[2026-02-04 13:13:50] [info] Module: C:\Windows\System32\DriverStore\FileRepository\u0417193.inf_amd64_09be3aa5c32d5fed\B416402\amdvlk64.dll is selected because it matches selected pattern: *
[2026-02-04 13:13:50] [info] Module: C:\Windows\System32\setupapi.dll is selected because it matches selected pattern: *
[2026-02-04 13:13:50] [info] Module: C:\VulkanSDK\1.4.335.0\Bin\VkLayer_khronos_validation.dll is selected because it matches selected pattern: *
[2026-02-04 13:13:50] [info] Module: C:\Windows\System32\vcruntime140_1.dll is selected because it matches selected pattern: *
[2026-02-04 13:13:50] [info] Module: C:\Windows\System32\vcruntime140.dll is selected because it matches selected pattern: *
[2026-02-04 13:13:50] [info] Module: C:\Windows\System32\msvcp140.dll is selected because it matches selected pattern: *
[2026-02-04 13:13:50] [info] Module: C:\Windows\System32\DriverStore\FileRepository\u0417193.inf_amd64_09be3aa5c32d5fed\B416402\amdenc64.dll is selected because it matches selected pattern: *
[2026-02-04 13:13:51] [info] Module: C:\Windows\System32\DriverStore\FileRepository\u0417193.inf_amd64_09be3aa5c32d5fed\B416402\amdvlk64.dll is selected because it matches selected pattern: *
[2026-02-04 13:13:51] [info] Module: C:\Windows\System32\setupapi.dll is selected because it matches selected pattern: *
[2026-02-04 13:13:51] [info] Module: C:\VulkanSDK\1.4.335.0\Bin\VkLayer_khronos_validation.dll is selected because it matches selected pattern: *
[2026-02-04 13:13:51] [info] Module: C:\Windows\System32\vcruntime140_1.dll is selected because it matches selected pattern: *
[2026-02-04 13:13:51] [info] Module: C:\Windows\System32\msvcp140.dll is selected because it matches selected pattern: *
[2026-02-04 13:13:51] [info] Module: C:\Windows\System32\vcruntime140.dll is selected because it matches selected pattern: *
[2026-02-04 13:13:51] [info] Module: C:\Windows\System32\DriverStore\FileRepository\u0417193.inf_amd64_09be3aa5c32d5fed\B416402\amdenc64.dll is selected because it matches selected pattern: *
[2026-02-04 13:13:51] [info] Module: C:\Windows\System32\DriverStore\FileRepository\u0417193.inf_amd64_09be3aa5c32d5fed\B416402\amdvlk64.dll is selected because it matches selected pattern: *
[2026-02-04 13:13:51] [info] Module: C:\Windows\System32\setupapi.dll is selected because it matches selected pattern: *
[2026-02-04 13:13:51] [info] Module: C:\VulkanSDK\1.4.335.0\Bin\VkLayer_khronos_validation.dll is selected because it matches selected pattern: *
[2026-02-04 13:13:51] [info] Module: C:\Windows\System32\vcruntime140_1.dll is selected because it matches selected pattern: *
[2026-02-04 13:13:51] [info] Module: C:\Windows\System32\msvcp140.dll is selected because it matches selected pattern: *
[2026-02-04 13:13:51] [info] Module: C:\Windows\System32\vcruntime140.dll is selected because it matches selected pattern: *
[2026-02-04 13:13:51] [info] Module: C:\Windows\System32\DriverStore\FileRepository\u0417193.inf_amd64_09be3aa5c32d5fed\B416402\amdenc64.dll is selected because it matches selected pattern: *
[2026-02-04 13:13:51] [info] Module: C:\Windows\System32\DriverStore\FileRepository\u0417193.inf_amd64_09be3aa5c32d5fed\B416402\amdvlk64.dll is selected because it matches selected pattern: *
[2026-02-04 13:13:51] [info] Module: C:\Windows\System32\setupapi.dll is selected because it matches selected pattern: *
[2026-02-04 13:13:51] [info] Module: C:\VulkanSDK\1.4.335.0\Bin\VkLayer_khronos_validation.dll is selected because it matches selected pattern: *
[2026-02-04 13:13:51] [info] Module: C:\Windows\System32\vcruntime140.dll is selected because it matches selected pattern: *
[2026-02-04 13:13:51] [info] Module: C:\Windows\System32\vcruntime140_1.dll is selected because it matches selected pattern: *
[2026-02-04 13:13:51] [info] Module: C:\Windows\System32\msvcp140.dll is selected because it matches selected pattern: *
[2026-02-04 13:13:51] [info] Module: C:\Windows\System32\DriverStore\FileRepository\u0417193.inf_amd64_09be3aa5c32d5fed\B416402\amdenc64.dll is selected because it matches selected pattern: *
[2026-02-04 13:13:51] [info] Module: C:\Windows\System32\DriverStore\FileRepository\u0417193.inf_amd64_09be3aa5c32d5fed\B416402\amdvlk64.dll is selected because it matches selected pattern: *
[2026-02-04 13:13:51] [info] Module: C:\Windows\System32\setupapi.dll is selected because it matches selected pattern: *
[2026-02-04 13:13:51] [info] Module: C:\VulkanSDK\1.4.335.0\Bin\VkLayer_khronos_validation.dll is selected because it matches selected pattern: *
[2026-02-04 13:13:52] [info] Module: C:\Windows\System32\msvcp140.dll is selected because it matches selected pattern: *
[2026-02-04 13:13:52] [info] Module: C:\Windows\System32\vcruntime140.dll is selected because it matches selected pattern: *
[2026-02-04 13:13:52] [info] Module: C:\Windows\System32\vcruntime140_1.dll is selected because it matches selected pattern: *
[2026-02-04 13:13:52] [info] Module: C:\Windows\System32\DriverStore\FileRepository\u0417193.inf_amd64_09be3aa5c32d5fed\B416402\amdenc64.dll is selected because it matches selected pattern: *
[2026-02-04 13:13:52] [info] Module: C:\Windows\System32\DriverStore\FileRepository\u0417193.inf_amd64_09be3aa5c32d5fed\B416402\amdvlk64.dll is selected because it matches selected pattern: *
[2026-02-04 13:13:52] [info] Module: C:\Windows\System32\setupapi.dll is selected because it matches selected pattern: *
[2026-02-04 13:13:52] [info] Module: C:\VulkanSDK\1.4.335.0\Bin\VkLayer_khronos_validation.dll is selected because it matches selected pattern: *
[2026-02-04 13:13:52] [info] Module: C:\Windows\System32\vcruntime140_1.dll is selected because it matches selected pattern: *
[2026-02-04 13:13:52] [info] Module: C:\Windows\System32\vcruntime140.dll is selected because it matches selected pattern: *
[2026-02-04 13:13:52] [info] Module: C:\Windows\System32\msvcp140.dll is selected because it matches selected pattern: *
[2026-02-04 13:13:52] [info] Module: C:\Windows\System32\vcruntime140.dll is selected because it matches selected pattern: *
[2026-02-04 13:13:52] [info] Module: C:\Windows\System32\DriverStore\FileRepository\u0417193.inf_amd64_09be3aa5c32d5fed\B416402\amdenc64.dll is selected because it matches selected pattern: *
[2026-02-04 13:13:52] [info] Module: C:\Windows\System32\DriverStore\FileRepository\u0417193.inf_amd64_09be3aa5c32d5fed\B416402\amdvlk64.dll is selected because it matches selected pattern: *
[2026-02-04 13:13:52] [info] Module: C:\Windows\System32\setupapi.dll is selected because it matches selected pattern: *
[2026-02-04 13:13:52] [info] Module: C:\VulkanSDK\1.4.335.0\Bin\VkLayer_khronos_validation.dll is selected because it matches selected pattern: *
[2026-02-04 13:13:52] [info] Module: C:\Windows\System32\msvcp140.dll is selected because it matches selected pattern: *
[2026-02-04 13:13:52] [info] Module: C:\Windows\System32\vcruntime140_1.dll is selected because it matches selected pattern: *
[2026-02-04 13:13:52] [info] Module: C:\Windows\System32\vcruntime140.dll is selected because it matches selected pattern: *
[2026-02-04 13:13:52] [info] Module: C:\Windows\System32\DriverStore\FileRepository\u0417193.inf_amd64_09be3aa5c32d5fed\B416402\amdenc64.dll is selected because it matches selected pattern: *
[2026-02-04 13:13:52] [info] Module: C:\Windows\System32\DriverStore\FileRepository\u0417193.inf_amd64_09be3aa5c32d5fed\B416402\amdvlk64.dll is selected because it matches selected pattern: *
[2026-02-04 13:13:52] [info] Module: C:\Windows\System32\setupapi.dll is selected because it matches selected pattern: *
[2026-02-04 13:13:52] [info] Module: C:\VulkanSDK\1.4.335.0\Bin\VkLayer_khronos_validation.dll is selected because it matches selected pattern: *
[2026-02-04 13:13:52] [info] Module: C:\Windows\System32\msvcp140.dll is selected because it matches selected pattern: *
[2026-02-04 13:13:52] [info] Module: C:\Windows\System32\vcruntime140.dll is selected because it matches selected pattern: *
[2026-02-04 13:13:52] [info] Module: C:\Windows\System32\vcruntime140_1.dll is selected because it matches selected pattern: *
[2026-02-04 13:13:52] [info] Module: C:\Windows\System32\DriverStore\FileRepository\u0417193.inf_amd64_09be3aa5c32d5fed\B416402\amdenc64.dll is selected because it matches selected pattern: *
[2026-02-04 13:13:53] [info] Module: C:\Windows\System32\DriverStore\FileRepository\u0417193.inf_amd64_09be3aa5c32d5fed\B416402\amdvlk64.dll is selected because it matches selected pattern: *
[2026-02-04 13:13:53] [info] Module: C:\Windows\System32\setupapi.dll is selected because it matches selected pattern: *
[2026-02-04 13:13:53] [info] Module: C:\VulkanSDK\1.4.335.0\Bin\VkLayer_khronos_validation.dll is selected because it matches selected pattern: *
[2026-02-04 13:13:53] [info] Module: C:\Windows\System32\vcruntime140_1.dll is selected because it matches selected pattern: *
[2026-02-04 13:13:53] [info] Module: C:\Windows\System32\vcruntime140.dll is selected because it matches selected pattern: *
[2026-02-04 13:13:53] [info] Module: C:\Windows\System32\msvcp140.dll is selected because it matches selected pattern: *
[2026-02-04 13:13:53] [info] Module: C:\Windows\System32\DriverStore\FileRepository\u0417193.inf_amd64_09be3aa5c32d5fed\B416402\amdenc64.dll is selected because it matches selected pattern: *
[2026-02-04 13:13:53] [info] Module: C:\Windows\System32\DriverStore\FileRepository\u0417193.inf_amd64_09be3aa5c32d5fed\B416402\amdvlk64.dll is selected because it matches selected pattern: *
[2026-02-04 13:13:53] [info] Module: C:\Windows\System32\setupapi.dll is selected because it matches selected pattern: *
[2026-02-04 13:13:53] [info] Module: C:\VulkanSDK\1.4.335.0\Bin\VkLayer_khronos_validation.dll is selected because it matches selected pattern: *
[2026-02-04 13:13:53] [info] Module: C:\Windows\System32\msvcp140.dll is selected because it matches selected pattern: *
[2026-02-04 13:13:53] [info] Module: C:\Windows\System32\vcruntime140.dll is selected because it matches selected pattern: *
[2026-02-04 13:13:53] [info] Module: C:\Windows\System32\vcruntime140_1.dll is selected because it matches selected pattern: *
[2026-02-04 13:13:53] [info] Module: C:\Windows\System32\DriverStore\FileRepository\u0417193.inf_amd64_09be3aa5c32d5fed\B416402\amdenc64.dll is selected because it matches selected pattern: *
[2026-02-04 13:13:53] [info] Module: C:\Windows\System32\DriverStore\FileRepository\u0417193.inf_amd64_09be3aa5c32d5fed\B416402\amdvlk64.dll is selected because it matches selected pattern: *
[2026-02-04 13:13:53] [info] Module: C:\Windows\System32\setupapi.dll is selected because it matches selected pattern: *
[2026-02-04 13:13:53] [info] Module: C:\VulkanSDK\1.4.335.0\Bin\VkLayer_khronos_validation.dll is selected because it matches selected pattern: *
[2026-02-04 13:13:53] [info] Module: C:\Windows\System32\vcruntime140.dll is selected because it matches selected pattern: *
[2026-02-04 13:13:53] [info] Module: C:\Windows\System32\msvcp140.dll is selected because it matches selected pattern: *
[2026-02-04 13:13:53] [info] Module: C:\Windows\System32\vcruntime140_1.dll is selected because it matches selected pattern: *
[2026-02-04 13:13:53] [info] Module: C:\Windows\System32\DriverStore\FileRepository\u0417193.inf_amd64_09be3aa5c32d5fed\B416402\amdenc64.dll is selected because it matches selected pattern: *
[2026-02-04 13:13:53] [info] Module: C:\Windows\System32\DriverStore\FileRepository\u0417193.inf_amd64_09be3aa5c32d5fed\B416402\amdvlk64.dll is selected because it matches selected pattern: *
[2026-02-04 13:13:53] [info] Module: C:\Windows\System32\setupapi.dll is selected because it matches selected pattern: *
[2026-02-04 13:13:53] [info] Module: C:\VulkanSDK\1.4.335.0\Bin\VkLayer_khronos_validation.dll is selected because it matches selected pattern: *
[2026-02-04 13:13:53] [info] Module: C:\Windows\System32\vcruntime140_1.dll is selected because it matches selected pattern: *
[2026-02-04 13:13:53] [info] Module: C:\Windows\System32\msvcp140.dll is selected because it matches selected pattern: *
[2026-02-04 13:13:53] [info] Module: C:\Windows\System32\vcruntime140.dll is selected because it matches selected pattern: *
[2026-02-04 13:13:53] [info] Module: C:\Windows\System32\DriverStore\FileRepository\u0417193.inf_amd64_09be3aa5c32d5fed\B416402\amdenc64.dll is selected because it matches selected pattern: *
[2026-02-04 13:13:54] [info] Module: C:\Windows\System32\DriverStore\FileRepository\u0417193.inf_amd64_09be3aa5c32d5fed\B416402\amdvlk64.dll is selected because it matches selected pattern: *
[2026-02-04 13:13:54] [info] Module: C:\Windows\System32\setupapi.dll is selected because it matches selected pattern: *
[2026-02-04 13:13:54] [info] Module: C:\VulkanSDK\1.4.335.0\Bin\VkLayer_khronos_validation.dll is selected because it matches selected pattern: *
[2026-02-04 13:13:54] [info] Module: C:\Windows\System32\vcruntime140.dll is selected because it matches selected pattern: *
[2026-02-04 13:13:54] [info] Module: C:\Windows\System32\vcruntime140_1.dll is selected because it matches selected pattern: *
[2026-02-04 13:13:54] [info] Module: C:\Windows\System32\msvcp140.dll is selected because it matches selected pattern: *
[2026-02-04 13:13:54] [info] Module: C:\Windows\System32\DriverStore\FileRepository\u0417193.inf_amd64_09be3aa5c32d5fed\B416402\amdenc64.dll is selected because it matches selected pattern: *
[2026-02-04 13:13:54] [info] Module: C:\Windows\System32\DriverStore\FileRepository\u0417193.inf_amd64_09be3aa5c32d5fed\B416402\amdvlk64.dll is selected because it matches selected pattern: *
[2026-02-04 13:13:54] [info] Module: C:\Windows\System32\setupapi.dll is selected because it matches selected pattern: *
[2026-02-04 13:13:54] [info] Module: C:\VulkanSDK\1.4.335.0\Bin\VkLayer_khronos_validation.dll is selected because it matches selected pattern: *
[2026-02-04 13:13:54] [info] Module: C:\Windows\System32\vcruntime140_1.dll is selected because it matches selected pattern: *
[2026-02-04 13:13:54] [info] Module: C:\Windows\System32\vcruntime140.dll is selected because it matches selected pattern: *
[2026-02-04 13:13:54] [info] Module: C:\Windows\System32\msvcp140.dll is selected because it matches selected pattern: *
[2026-02-04 13:13:54] [info] Module: C:\Windows\System32\DriverStore\FileRepository\u0417193.inf_amd64_09be3aa5c32d5fed\B416402\amdenc64.dll is selected because it matches selected pattern: *
[2026-02-04 13:13:54] [info] Module: C:\Windows\System32\DriverStore\FileRepository\u0417193.inf_amd64_09be3aa5c32d5fed\B416402\amdvlk64.dll is selected because it matches selected pattern: *
[2026-02-04 13:13:54] [info] Module: C:\Windows\System32\setupapi.dll is selected because it matches selected pattern: *
[2026-02-04 13:13:54] [info] Module: C:\VulkanSDK\1.4.335.0\Bin\VkLayer_khronos_validation.dll is selected because it matches selected pattern: *
[2026-02-04 13:13:54] [info] Module: C:\Windows\System32\msvcp140.dll is selected because it matches selected pattern: *
[2026-02-04 13:13:54] [info] Module: C:\Windows\System32\vcruntime140_1.dll is selected because it matches selected pattern: *
[2026-02-04 13:13:54] [info] Module: C:\Windows\System32\vcruntime140.dll is selected because it matches selected pattern: *
[2026-02-04 13:13:54] [info] Module: C:\Windows\System32\DriverStore\FileRepository\u0417193.inf_amd64_09be3aa5c32d5fed\B416402\amdenc64.dll is selected because it matches selected pattern: *
[2026-02-04 13:13:55] [info] Module: C:\Windows\System32\DriverStore\FileRepository\u0417193.inf_amd64_09be3aa5c32d5fed\B416402\amdvlk64.dll is selected because it matches selected pattern: *
[2026-02-04 13:13:55] [info] Module: C:\Windows\System32\setupapi.dll is selected because it matches selected pattern: *
[2026-02-04 13:13:55] [info] Module: C:\VulkanSDK\1.4.335.0\Bin\VkLayer_khronos_validation.dll is selected because it matches selected pattern: *
[2026-02-04 13:13:55] [info] Module: C:\Windows\System32\msvcp140.dll is selected because it matches selected pattern: *
[2026-02-04 13:13:55] [info] Module: C:\Windows\System32\vcruntime140_1.dll is selected because it matches selected pattern: *
[2026-02-04 13:13:55] [info] Module: C:\Windows\System32\vcruntime140.dll is selected because it matches selected pattern: *
[2026-02-04 13:13:55] [info] Module: C:\Windows\System32\DriverStore\FileRepository\u0417193.inf_amd64_09be3aa5c32d5fed\B416402\amdenc64.dll is selected because it matches selected pattern: *
[2026-02-04 13:13:55] [info] Module: C:\Windows\System32\DriverStore\FileRepository\u0417193.inf_amd64_09be3aa5c32d5fed\B416402\amdvlk64.dll is selected because it matches selected pattern: *
[2026-02-04 13:13:55] [info] Module: C:\Windows\System32\setupapi.dll is selected because it matches selected pattern: *
[2026-02-04 13:13:55] [info] Module: C:\VulkanSDK\1.4.335.0\Bin\VkLayer_khronos_validation.dll is selected because it matches selected pattern: *
[2026-02-04 13:13:55] [info] Module: C:\Windows\System32\msvcp140.dll is selected because it matches selected pattern: *
[2026-02-04 13:13:55] [info] Module: C:\Windows\System32\vcruntime140_1.dll is selected because it matches selected pattern: *
[2026-02-04 13:13:55] [info] Module: C:\Windows\System32\vcruntime140.dll is selected because it matches selected pattern: *
[2026-02-04 13:13:55] [info] Module: C:\Windows\System32\DriverStore\FileRepository\u0417193.inf_amd64_09be3aa5c32d5fed\B416402\amdenc64.dll is selected because it matches selected pattern: *
[2026-02-04 13:13:55] [info] Module: C:\Windows\System32\DriverStore\FileRepository\u0417193.inf_amd64_09be3aa5c32d5fed\B416402\amdvlk64.dll is selected because it matches selected pattern: *
[2026-02-04 13:13:55] [info] Module: C:\Windows\System32\setupapi.dll is selected because it matches selected pattern: *
[2026-02-04 13:13:55] [info] Module: C:\VulkanSDK\1.4.335.0\Bin\VkLayer_khronos_validation.dll is selected because it matches selected pattern: *
[2026-02-04 13:13:55] [info] Module: C:\Windows\System32\msvcp140.dll is selected because it matches selected pattern: *
[2026-02-04 13:13:55] [info] Module: C:\Windows\System32\vcruntime140_1.dll is selected because it matches selected pattern: *
[2026-02-04 13:13:55] [info] Module: C:\Windows\System32\vcruntime140.dll is selected because it matches selected pattern: *
[2026-02-04 13:13:55] [info] Module: C:\Windows\System32\DriverStore\FileRepository\u0417193.inf_amd64_09be3aa5c32d5fed\B416402\amdenc64.dll is selected because it matches selected pattern: *
[2026-02-04 13:13:56] [info] Module: C:\Windows\System32\DriverStore\FileRepository\u0417193.inf_amd64_09be3aa5c32d5fed\B416402\amdvlk64.dll is selected because it matches selected pattern: *
[2026-02-04 13:13:56] [info] Module: C:\Windows\System32\setupapi.dll is selected because it matches selected pattern: *
[2026-02-04 13:13:56] [info] Module: C:\VulkanSDK\1.4.335.0\Bin\VkLayer_khronos_validation.dll is selected because it matches selected pattern: *
[2026-02-04 13:13:56] [info] Module: C:\Windows\System32\vcruntime140_1.dll is selected because it matches selected pattern: *
[2026-02-04 13:13:56] [info] Module: C:\Windows\System32\msvcp140.dll is selected because it matches selected pattern: *
[2026-02-04 13:13:56] [info] Module: C:\Windows\System32\vcruntime140.dll is selected because it matches selected pattern: *
[2026-02-04 13:13:56] [info] Module: C:\Windows\System32\DriverStore\FileRepository\u0417193.inf_amd64_09be3aa5c32d5fed\B416402\amdenc64.dll is selected because it matches selected pattern: *
[2026-02-04 13:13:56] [info] Module: C:\Windows\System32\DriverStore\FileRepository\u0417193.inf_amd64_09be3aa5c32d5fed\B416402\amdvlk64.dll is selected because it matches selected pattern: *
[2026-02-04 13:13:56] [info] Module: C:\Windows\System32\setupapi.dll is selected because it matches selected pattern: *
[2026-02-04 13:13:56] [info] Module: C:\VulkanSDK\1.4.335.0\Bin\VkLayer_khronos_validation.dll is selected because it matches selected pattern: *
[2026-02-04 13:13:56] [info] Module: C:\Windows\System32\msvcp140.dll is selected because it matches selected pattern: *
[2026-02-04 13:13:56] [info] Module: C:\Windows\System32\vcruntime140_1.dll is selected because it matches selected pattern: *
[2026-02-04 13:13:56] [info] Module: C:\Windows\System32\vcruntime140.dll is selected because it matches selected pattern: *
[2026-02-04 13:13:56] [info] Module: C:\Windows\System32\DriverStore\FileRepository\u0417193.inf_amd64_09be3aa5c32d5fed\B416402\amdenc64.dll is selected because it matches selected pattern: *
[2026-02-04 13:13:56] [info] Module: C:\Windows\System32\DriverStore\FileRepository\u0417193.inf_amd64_09be3aa5c32d5fed\B416402\amdvlk64.dll is selected because it matches selected pattern: *
[2026-02-04 13:13:56] [info] Module: C:\Windows\System32\setupapi.dll is selected because it matches selected pattern: *
[2026-02-04 13:13:56] [info] Module: C:\VulkanSDK\1.4.335.0\Bin\VkLayer_khronos_validation.dll is selected because it matches selected pattern: *
[2026-02-04 13:13:56] [info] Module: C:\Windows\System32\vcruntime140.dll is selected because it matches selected pattern: *
[2026-02-04 13:13:56] [info] Module: C:\Windows\System32\vcruntime140_1.dll is selected because it matches selected pattern: *
[2026-02-04 13:13:56] [info] Module: C:\Windows\System32\msvcp140.dll is selected because it matches selected pattern: *
[2026-02-04 13:13:56] [info] Module: C:\Windows\System32\DriverStore\FileRepository\u0417193.inf_amd64_09be3aa5c32d5fed\B416402\amdenc64.dll is selected because it matches selected pattern: *
[2026-02-04 13:13:57] [info] Module: C:\Windows\System32\DriverStore\FileRepository\u0417193.inf_amd64_09be3aa5c32d5fed\B416402\amdvlk64.dll is selected because it matches selected pattern: *
[2026-02-04 13:13:57] [info] Module: C:\Windows\System32\setupapi.dll is selected because it matches selected pattern: *
[2026-02-04 13:13:57] [info] Module: C:\VulkanSDK\1.4.335.0\Bin\VkLayer_khronos_validation.dll is selected because it matches selected pattern: *
[2026-02-04 13:13:57] [info] Module: C:\Windows\System32\msvcp140.dll is selected because it matches selected pattern: *
[2026-02-04 13:13:57] [info] Module: C:\Windows\System32\vcruntime140.dll is selected because it matches selected pattern: *
[2026-02-04 13:13:57] [info] Module: C:\Windows\System32\vcruntime140_1.dll is selected because it matches selected pattern: *
[2026-02-04 13:13:57] [info] Module: C:\Windows\System32\DriverStore\FileRepository\u0417193.inf_amd64_09be3aa5c32d5fed\B416402\amdenc64.dll is selected because it matches selected pattern: *
[2026-02-04 13:13:57] [info] Module: C:\Windows\System32\DriverStore\FileRepository\u0417193.inf_amd64_09be3aa5c32d5fed\B416402\amdvlk64.dll is selected because it matches selected pattern: *
[2026-02-04 13:13:57] [info] Module: C:\Windows\System32\setupapi.dll is selected because it matches selected pattern: *
[2026-02-04 13:13:57] [info] Module: C:\VulkanSDK\1.4.335.0\Bin\VkLayer_khronos_validation.dll is selected because it matches selected pattern: *
[2026-02-04 13:13:57] [info] Module: C:\Windows\System32\vcruntime140.dll is selected because it matches selected pattern: *
[2026-02-04 13:13:57] [info] Module: C:\Windows\System32\vcruntime140_1.dll is selected because it matches selected pattern: *
[2026-02-04 13:13:57] [info] Module: C:\Windows\System32\msvcp140.dll is selected because it matches selected pattern: *
[2026-02-04 13:13:57] [info] Module: C:\Windows\System32\DriverStore\FileRepository\u0417193.inf_amd64_09be3aa5c32d5fed\B416402\amdenc64.dll is selected because it matches selected pattern: *
[2026-02-04 13:13:57] [info] ----------------------------------------------------
[2026-02-04 13:13:57] [info] Cobertura report generated: C:\Users\Andres\source\repos\VulkanEngine\coverage\coverage.xml
[2026-02-04 13:13:57] [info] ----------------------------------------------------
[2026-02-04 13:13:57] [info] ----------------------------------------------------
[2026-02-04 13:13:57] [info] Coverage generated in Folder C:\Users\Andres\source\repos\VulkanEngine\coverage\html
[2026-02-04 13:13:57] [info] ----------------------------------------------------
[2026-02-04 13:13:57] [info] The code coverage report is not what you expect? See the FAQ https://github.com/OpenCppCoverage/OpenCppCoverage/wiki/FAQ.
