[ [0;32mOK[0m ] assets/shaders/cube_shadow.vert -> [0;35massets/shaders/compiled/cube_shadow.vert.spv[0m
[ [0;32mOK[0m ] assets/shaders/debug_frustum.vert -> [0;35massets/shaders/compiled/debug_frustum.vert.spv[0m
[ [0;32mOK[0m ] assets/shaders/directional_light.vert -> [0;35massets/shaders/compiled/directional_light.vert.spv[0m
[ [0;32mOK[0m ] assets/shaders/dust.vert -> [0;35massets/shaders/compiled/dust.vert.spv[0m
[ [0;32mOK[0m ] assets/shaders/grid.vert -> [0;35massets/shaders/compiled/grid.vert.spv[0m
[ [0;32mOK[0m ] assets/shaders/irradiance_convolution.vert -> [0;35massets/shaders/compiled/irradiance_convolution.vert.spv[0m
[ [0;32mOK[0m ] assets/shaders/point_light.vert -> [0;35massets/shaders/compiled/point_light.vert.spv[0m
[ [0;32mOK[0m ] assets/shaders/post_process.vert -> [0;35massets/shaders/compiled/post_process.vert.spv[0m
[ [0;32mOK[0m ] assets/shaders/prefilter_envmap.vert -> [0;35massets/shaders/compiled/prefilter_envmap.vert.spv[0m
[ [0;32mOK[0m ] assets/shaders/shadow.vert -> [0;35massets/shaders/compiled/shadow.vert.spv[0m
[ [0;32mOK[0m ] assets/shaders/skybox_fullscreen.vert -> [0;35massets/shaders/compiled/skybox_fullscreen.vert.spv[0m
[ [0;32mOK[0m ] assets/shaders/skybox.vert -> [0;35massets/shaders/compiled/skybox.vert.spv[0m
[ [0;32mOK[0m ] assets/shaders/spot_light.vert -> [0;35massets/shaders/compiled/spot_light.vert.spv[0m
[ [0;32mOK[0m ] assets/shaders/cube_shadow.frag -> [0;35massets/shaders/compiled/cube_shadow.frag.spv[0m
[ [0;32mOK[0m ] assets/shaders/cube_shadow_mesh.frag -> [0;35massets/shaders/compiled/cube_shadow_mesh.frag.spv[0m
[ [0;32mOK[0m ] assets/shaders/debug_frustum.frag -> [0;35massets/shaders/compiled/debug_frustum.frag.spv[0m
[ [0;32mOK[0m ] assets/shaders/deferred_lighting.frag -> [0;35massets/shaders/compiled/deferred_lighting.frag.spv[0m
[ [0;32mOK[0m ] assets/shaders/depth_only.frag -> [0;35massets/shaders/compiled/depth_only.frag.spv[0m
[ [0;32mOK[0m ] assets/shaders/directional_light.frag -> [0;35massets/shaders/compiled/directional_light.frag.spv[0m
[ [0;32mOK[0m ] assets/shaders/dust.frag -> [0;35massets/shaders/compiled/dust.frag.spv[0m
[ [0;32mOK[0m ] assets/shaders/gbuffer.frag -> [0;35massets/shaders/compiled/gbuffer.frag.spv[0m
[ [0;32mOK[0m ] assets/shaders/grid.frag -> [0;35massets/shaders/compiled/grid.frag.spv[0m
[ [0;32mOK[0m ] assets/shaders/irradiance_convolution.frag -> [0;35massets/shaders/compiled/irradiance_convolution.frag.spv[0m
[ [0;32mOK[0m ] assets/shaders/pbr_shader.frag -> [0;35massets/shaders/compiled/pbr_shader.frag.spv[0m
[ [0;32mVariant[0m ] assets/shaders/pbr_shader.frag -> [0;35massets/shaders/compiled/pbr_shader_standard.frag.spv[0m
[ [0;32mOK[0m ] assets/shaders/point_light.frag -> [0;35massets/shaders/compiled/point_light.frag.spv[0m
[ [0;32mOK[0m ] assets/shaders/post_process.frag -> [0;35massets/shaders/compiled/post_process.frag.spv[0m
[ [0;32mOK[0m ] assets/shaders/prefilter_envmap.frag -> [0;35massets/shaders/compiled/prefilter_envmap.frag.spv[0m
[ [0;32mOK[0m ] assets/shaders/shadow.frag -> [0;35massets/shaders/compiled/shadow.frag.spv[0m
[ [0;32mOK[0m ] assets/shaders/skybox.frag -> [0;35massets/shaders/compiled/skybox.frag.spv[0m
[ [0;32mOK[0m ] assets/shaders/skybox_fullscreen.frag -> [0;35massets/shaders/compiled/skybox_fullscreen.frag.spv[0m
[ [0;32mOK[0m ] assets/shaders/spot_light.frag -> [0;35massets/shaders/compiled/spot_light.frag.spv[0m
[ [0;32mOK[0m ] assets/shaders/bake_pathtrace.comp -> [0;35massets/shaders/compiled/bake_pathtrace.comp.spv[0m
[ [0;32mOK[0m ] assets/shaders/baker_raycast.comp -> [0;35massets/shaders/compiled/baker_raycast.comp.spv[0m
[ [0;32mOK[0m ] assets/shaders/brdf_lut.comp -> [0;35massets/shaders/compiled/brdf_lut.comp.spv[0m
[ [0;32mOK[0m ] assets/shaders/hiz_generate.comp -> [0;35massets/shaders/compiled/hiz_generate.comp.spv[0m
[ [0;32mOK[0m ] assets/shaders/morph_blend.comp -> [0;35massets/shaders/compiled/morph_blend.comp.spv[0m
[ [0;32mOK[0m ] assets/shaders/cube_shadow.task -> [0;35massets/shaders/compiled/cube_shadow.task.spv[0m
[ [0;32mOK[0m ] assets/shaders/shadow.task -> [0;35massets/shaders/compiled/shadow.task.spv[0m
[ [0;32mOK[0m ] assets/shaders/simple_mesh.task -> [0;35massets/shaders/compiled/simple_mesh.task.spv[0m
[ [0;32mOK[0m ] assets/shaders/cube_shadow.mesh -> [0;35massets/shaders/compiled/cube_shadow.mesh.spv[0m
[ [0;32mOK[0m ] assets/shaders/shadow.mesh -> [0;35massets/shaders/compiled/shadow.mesh.spv[0m
[ [0;32mOK[0m ] assets/shaders/simple_mesh.mesh -> [0;35massets/shaders/compiled/simple_mesh.mesh.spv[0m
[0m[38;2;0;255;0;1m[100%]:[0m [38;2;0;255;0;1mbuild ok, spent 2,683s[0m
